<html>
<body>
<pre>
<h1>µVision Build Log</h1>
<h2>Tool Versions:</h2>
IDE-Version: ¦ÌVision V5.21.1.0
Copyright (C) 2016 ARM Ltd and ARM Germany GmbH. All rights reserved.
License Information: beixi chen, none, LIC=----
 
Tool Versions:
Toolchain:       MDK-Lite  Version: 5.21a
Toolchain Path:  C:\Keil_v5\ARM\ARMCC\Bin
C Compiler:      Armcc.exe V5.06 update 3 (build 300)
Assembler:       Armasm.exe V5.06 update 3 (build 300)
Linker/Locator:  ArmLink.exe V5.06 update 3 (build 300)
Library Manager: ArmAr.exe V5.06 update 3 (build 300)
Hex Converter:   FromElf.exe V5.06 update 3 (build 300)
CPU DLL:         SARMCM3.DLL V5.21a
Dialog DLL:      DCM.DLL V1.13.8.0
Target DLL:      UL2CM3.DLL V1.158.5.0
Dialog DLL:      TCM.DLL V1.14.14.0
 
<h2>Project:</h2>
C:\Users\86188\Documents\JOBs\1004_OS\RTOS\tinyOS\c3_06\tinyOS.uvprojx
Project File Date:  07/30/2020

<h2>Output:</h2>
*** Using Compiler 'V5.06 update 3 (build 300)', folder: 'C:\Keil_v5\ARM\ARMCC\Bin'
Rebuild target 'Target 1'
assembling startup_ARMCM3.s...
compiling tBitmap.c...
compiling tList.c...
compiling system_ARMCM3.c...
compiling switch.c...
compiling main.c...
BessieSource\main.c(211): warning:  #177-D: variable "task" was declared but never referenced
  		tTask* task = (tTask*)tNodeParentAddr(tTask, delayNode, node); //??Ò»?ö²???: ?á¹???, ?Ú¶þ¸?: ?á¹??åµÄ³?Ô±, ???ý¸?: ?Ã³?Ô±??Êµ?Êµ?Ö·. ??: ?á¹??åµ?Êµ???×µ?Ö·
BessieSource\main.c: 1 warning, 0 errors
linking...
Program Size: Code=1444 RO-data=480 RW-data=32 ZI-data=16768  
".\Objects\tinyOS.axf" - 0 Error(s), 1 Warning(s).

<h2>Software Packages used:</h2>

Package Vendor: ARM
                http://www.keil.com/pack/ARM.CMSIS.4.5.0.pack
                ARM::Device:Startup:1.0.1
                CMSIS (Cortex Microcontroller Software Interface Standard)
   * Component: Startup Version: 1.0.1
   * Component: CORE Version: 4.3.0

<h2>Collection of Component include folders:</h2>
  C:\Users\86188\Documents\JOBs\1004_OS\RTOS\tinyOS\c3_06\RTE
  C:\Users\86188\AppData\Local\Arm\Packs\forKeil521\ARM\CMSIS\4.5.0\CMSIS\Include
  C:\Users\86188\AppData\Local\Arm\Packs\forKeil521\ARM\CMSIS\4.5.0\Device\ARM\ARMCM3\Include

<h2>Collection of Component Files used:</h2>

   * Component: ARM::Device:Startup:1.0.1
      Include file:  Device\ARM\ARMCM3\Include\ARMCM3.h
      Source file:   Device\ARM\ARMCM3\Source\ARM\startup_ARMCM3.s
      Source file:   Device\ARM\ARMCM3\Source\system_ARMCM3.c

   * Component: ARM::CMSIS:CORE:4.3.0
Build Time Elapsed:  00:00:01
</pre>
</body>
</html>
