<html>
<body>
<pre>
<h1>µVision Build Log</h1>
<h2>Tool Versions:</h2>
IDE-Version: ¦ÌVision V5.21.1.0
Copyright (C) 2016 ARM Ltd and ARM Germany GmbH. All rights reserved.
License Information: beixi chen, none, LIC=----
 
Tool Versions:
Toolchain:       MDK-Lite  Version: 5.21a
Toolchain Path:  C:\Keil_v5\ARM\ARMCC\Bin
C Compiler:      Armcc.exe V5.06 update 3 (build 300)
Assembler:       Armasm.exe V5.06 update 3 (build 300)
Linker/Locator:  ArmLink.exe V5.06 update 3 (build 300)
Library Manager: ArmAr.exe V5.06 update 3 (build 300)
Hex Converter:   FromElf.exe V5.06 update 3 (build 300)
CPU DLL:         SARMCM3.DLL V5.21a
Dialog DLL:      DCM.DLL V1.13.8.0
Target DLL:      UL2CM3.DLL V1.158.5.0
Dialog DLL:      TCM.DLL V1.14.14.0
 
<h2>Project:</h2>
C:\Users\86188\Documents\JOBs\1004_OS\RTOS\tinyOS\c6_02\tinyOS.uvprojx
Project File Date:  08/04/2020

<h2>Output:</h2>
*** Using Compiler 'V5.06 update 3 (build 300)', folder: 'C:\Keil_v5\ARM\ARMCC\Bin'
Rebuild target 'Target 1'
compiling tBitmap.c...
compiling tTask.c...
compiling tTime.c...
compiling tList.c...
compiling switch.c...
compiling tCpu.c...
compiling main.c...
compiling app.c...
BessieSource\app.c(56): warning:  #550-D: variable "error" was set but never used
  	uint32_t error;
BessieSource\app.c: 1 warning, 0 errors
compiling tEvent.c...
assembling startup_ARMCM3.s...
compiling tSem.c...
compiling system_ARMCM3.c...
linking...
Program Size: Code=2470 RO-data=482 RW-data=40 ZI-data=25440  
".\Objects\tinyOS.axf" - 0 Error(s), 1 Warning(s).

<h2>Software Packages used:</h2>

Package Vendor: ARM
                http://www.keil.com/pack/ARM.CMSIS.4.5.0.pack
                ARM::CMSIS:CORE:4.3.0
                CMSIS (Cortex Microcontroller Software Interface Standard)
   * Component: CORE Version: 4.3.0
   * Component: Startup Version: 1.0.1

<h2>Collection of Component include folders:</h2>
  C:\Users\86188\Documents\JOBs\1004_OS\RTOS\tinyOS\c6_02\RTE
  C:\Users\86188\AppData\Local\Arm\Packs\forKeil521\ARM\CMSIS\4.5.0\CMSIS\Include
  C:\Users\86188\AppData\Local\Arm\Packs\forKeil521\ARM\CMSIS\4.5.0\Device\ARM\ARMCM3\Include

<h2>Collection of Component Files used:</h2>

   * Component: ARM::CMSIS:CORE:4.3.0

   * Component: ARM::Device:Startup:1.0.1
      Include file:  Device\ARM\ARMCM3\Include\ARMCM3.h
      Source file:   Device\ARM\ARMCM3\Source\ARM\startup_ARMCM3.s
      Source file:   Device\ARM\ARMCM3\Source\system_ARMCM3.c
Build Time Elapsed:  00:00:02
</pre>
</body>
</html>
